(node:19244) [MODULE_TYPELESS_PACKAGE_JSON] Warning: Module type of file:///C:/Users/Vaishnavi/OneDrive/Desktop/carbon/hooks/test-supabase.js is not specified and it doesn't parse as CommonJS.
Reparsing as ES module because module syntax was detected. This incurs a performance overhead.
To eliminate this warning, add "type": "module" to C:\Users\Vaishnavi\OneDrive\Desktop\carbon\hooks\package.json.
(Use `node --trace-warnings ...` to show where the warning was created)
[dotenv@17.3.1] injecting env (2) from .env -- tip: ΓÜÖ∩╕Å  suppress all logs with { quiet: true }
Checking game_achievements...
Err: {
  code: 'PGRST205',
  details: null,
  hint: null,
  message: "Could not find the table 'public.game_achievements' in the schema cache"
}
